// Jest Snapshot v1, https://goo.gl/fbAQLP

exports[`Quantity Product Component should match snapshot 1`] = `[Function]`;
